nohup: ignoring input
Warning: i3d_model.py not found, will use fallback feature extractor
Set CPU thread limits to 4 threads
================================================================================
STANFORD MULTI-LABEL DATASET PREPROCESSING (ORIGINAL FPS, BALANCED)
Multi-label: Licking & Shaking (Independent Binary Outputs)
================================================================================
Started at: 2026-02-03 21:33:21

Configuration:
  Input videos: /data-8tb/nvaci/dataset/dataset_Stanford/raw/videos_cut
  Input labels: /data-8tb/nvaci/dataset/dataset_Stanford/raw/labels
  Output directory: /data-8tb/nvaci/dataset/dataset_Stanford/FACT_method/preprocessed_data_multilabel_balanced_originalFPS
  Label format: Multi-label (licking AND shaking)
  BALANCED - Downsampling background to match other classes

Using GPU: NVIDIA RTX 6000 Ada Generation
Loading pretrained I3D model...
Using R3D-18 as feature extractor
Note: For best results, use I3D with --i3d_weights argument
R3D-18 model loaded successfully on cuda

Found 32 videos to process

================================================================================
Starting to process 32 videos...
================================================================================


================================================================================
Processing video 1/32: ID01
================================================================================
[ID01] Found label file: 25-021_ID01.csv
[ID01] Step 1/4: Extracting features...
      Opening video file...

      ═══════════════════════════════════════════════════════
      VIDEO PROPERTIES
      ═══════════════════════════════════════════════════════
      FPS detected: 25.00
      Clip length (auto): 25 frames
      Total frames: 97552
      Duration: 3902.08 seconds
      Expected seconds: 3903
      Frames per second: ~25.0
      ═══════════════════════════════════════════════════════

      Using ORIGINAL FPS with per-second aggregation
      Aggregation method: mean
      ───────────────────────────────────────────────────────
      READING ALL FRAMES FROM VIDEO
      ───────────────────────────────────────────────────────
      Progress: 500/97552 frames (0.5%)
      Progress: 1000/97552 frames (1.0%)
