nohup: ignoring input
Set CPU thread limits to 4 threads
================================================================================
STANFORD MULTI-LABEL DATASET PREPROCESSING (ORIGINAL FPS, BALANCED)
Multi-label: Licking & Shaking (Independent Binary Outputs)
================================================================================
Started at: 2026-01-29 19:06:27

Configuration:
  Input videos: /data-8tb/nvaci/dataset/dataset_Stanford/raw/videos_cut
  Input labels: /data-8tb/nvaci/dataset/dataset_Stanford/raw/labels
  Output directory: /data-8tb/nvaci/dataset/dataset_Stanford/FACT_method/preprocessed_data_multilabel_balanced_originalFPS
  Label format: Multi-label (licking AND shaking)
  BALANCED - Downsampling background to match other classes

Using GPU: NVIDIA RTX 6000 Ada Generation
Loading pretrained I3D model...
Loading I3D model from weights: ../rgb_imagenet.pt
I3D model loaded successfully on cuda

Found 32 videos to process

================================================================================
Starting to process 32 videos...
================================================================================


================================================================================
Processing video 1/32: ID01
================================================================================
[ID01] Found label file: 25-021_ID01.csv
[ID01] Step 1/4: Extracting features...
      Opening video file...

      ═══════════════════════════════════════════════════════
      VIDEO PROPERTIES
      ═══════════════════════════════════════════════════════
      FPS detected: 25.00
      Clip length (auto): 25 frames
      Total frames: 97552
      Duration: 3902.08 seconds
      Expected seconds: 3903
      Frames per second: ~25.0
      ═══════════════════════════════════════════════════════

      Using ORIGINAL FPS with per-second aggregation
      Aggregation method: mean
      ───────────────────────────────────────────────────────
      READING ALL FRAMES FROM VIDEO
      ───────────────────────────────────────────────────────
      Progress: 500/97552 frames (0.5%)
      Progress: 1000/97552 frames (1.0%)
      Progress: 1500/97552 frames (1.5%)
      Progress: 2000/97552 frames (2.1%)
      Progress: 2500/97552 frames (2.6%)
      Progress: 3000/97552 frames (3.1%)
      Progress: 3500/97552 frames (3.6%)
      Progress: 4000/97552 frames (4.1%)
      Progress: 4500/97552 frames (4.6%)
      Progress: 5000/97552 frames (5.1%)
      Progress: 5500/97552 frames (5.6%)
      Progress: 6000/97552 frames (6.2%)
      Progress: 6500/97552 frames (6.7%)
      Progress: 7000/97552 frames (7.2%)
      Progress: 7500/97552 frames (7.7%)
      Progress: 8000/97552 frames (8.2%)
      Progress: 8500/97552 frames (8.7%)
      Progress: 9000/97552 frames (9.2%)
      Progress: 9500/97552 frames (9.7%)
      Progress: 10000/97552 frames (10.3%)
      Progress: 10500/97552 frames (10.8%)
      Progress: 11000/97552 frames (11.3%)
      Progress: 11500/97552 frames (11.8%)
      Progress: 12000/97552 frames (12.3%)
      Progress: 12500/97552 frames (12.8%)
      Progress: 13000/97552 frames (13.3%)
      Progress: 13500/97552 frames (13.8%)
      Progress: 14000/97552 frames (14.4%)
      Progress: 14500/97552 frames (14.9%)
      Progress: 15000/97552 frames (15.4%)
      Progress: 15500/97552 frames (15.9%)
      Progress: 16000/97552 frames (16.4%)
      Progress: 16500/97552 frames (16.9%)
      Progress: 17000/97552 frames (17.4%)
      Progress: 17500/97552 frames (17.9%)
      Progress: 18000/97552 frames (18.5%)
      Progress: 18500/97552 frames (19.0%)
      Progress: 19000/97552 frames (19.5%)
      Progress: 19500/97552 frames (20.0%)
      Progress: 20000/97552 frames (20.5%)
      Progress: 20500/97552 frames (21.0%)
      Progress: 21000/97552 frames (21.5%)
      Progress: 21500/97552 frames (22.0%)
      Progress: 22000/97552 frames (22.6%)
      Progress: 22500/97552 frames (23.1%)
      Progress: 23000/97552 frames (23.6%)
      Progress: 23500/97552 frames (24.1%)
      Progress: 24000/97552 frames (24.6%)
      Progress: 24500/97552 frames (25.1%)
      Progress: 25000/97552 frames (25.6%)
      Progress: 25500/97552 frames (26.1%)
      Progress: 26000/97552 frames (26.7%)
      Progress: 26500/97552 frames (27.2%)
      Progress: 27000/97552 frames (27.7%)
      Progress: 27500/97552 frames (28.2%)
      Progress: 28000/97552 frames (28.7%)
      Progress: 28500/97552 frames (29.2%)
      Progress: 29000/97552 frames (29.7%)
      Progress: 29500/97552 frames (30.2%)
      Progress: 30000/97552 frames (30.8%)
      Progress: 30500/97552 frames (31.3%)
      Progress: 31000/97552 frames (31.8%)
      Progress: 31500/97552 frames (32.3%)
      Progress: 32000/97552 frames (32.8%)
      Progress: 32500/97552 frames (33.3%)
      Progress: 33000/97552 frames (33.8%)
      Progress: 33500/97552 frames (34.3%)
      Progress: 34000/97552 frames (34.9%)
      Progress: 34500/97552 frames (35.4%)
      Progress: 35000/97552 frames (35.9%)
      Progress: 35500/97552 frames (36.4%)
      Progress: 36000/97552 frames (36.9%)
      Progress: 36500/97552 frames (37.4%)
      Progress: 37000/97552 frames (37.9%)
      Progress: 37500/97552 frames (38.4%)
      Progress: 38000/97552 frames (39.0%)
      Progress: 38500/97552 frames (39.5%)
      Progress: 39000/97552 frames (40.0%)
      Progress: 39500/97552 frames (40.5%)
      Progress: 40000/97552 frames (41.0%)
      Progress: 40500/97552 frames (41.5%)
      Progress: 41000/97552 frames (42.0%)
      Progress: 41500/97552 frames (42.5%)
      Progress: 42000/97552 frames (43.1%)
      Progress: 42500/97552 frames (43.6%)
      Progress: 43000/97552 frames (44.1%)
      Progress: 43500/97552 frames (44.6%)
      Progress: 44000/97552 frames (45.1%)
      Progress: 44500/97552 frames (45.6%)
      Progress: 45000/97552 frames (46.1%)
      Progress: 45500/97552 frames (46.6%)
      Progress: 46000/97552 frames (47.2%)
      Progress: 46500/97552 frames (47.7%)
      Progress: 47000/97552 frames (48.2%)
      Progress: 47500/97552 frames (48.7%)
      Progress: 48000/97552 frames (49.2%)
      Progress: 48500/97552 frames (49.7%)
      Progress: 49000/97552 frames (50.2%)
      Progress: 49500/97552 frames (50.7%)
      Progress: 50000/97552 frames (51.3%)
      Progress: 50500/97552 frames (51.8%)
      Progress: 51000/97552 frames (52.3%)
      Progress: 51500/97552 frames (52.8%)
      Progress: 52000/97552 frames (53.3%)
      Progress: 52500/97552 frames (53.8%)
      Progress: 53000/97552 frames (54.3%)
      Progress: 53500/97552 frames (54.8%)
      Progress: 54000/97552 frames (55.4%)
      Progress: 54500/97552 frames (55.9%)
      Progress: 55000/97552 frames (56.4%)
      Progress: 55500/97552 frames (56.9%)
      Progress: 56000/97552 frames (57.4%)
      Progress: 56500/97552 frames (57.9%)
      Progress: 57000/97552 frames (58.4%)
      Progress: 57500/97552 frames (58.9%)
      Progress: 58000/97552 frames (59.5%)
      Progress: 58500/97552 frames (60.0%)
      Progress: 59000/97552 frames (60.5%)
      Progress: 59500/97552 frames (61.0%)
      Progress: 60000/97552 frames (61.5%)
      Progress: 60500/97552 frames (62.0%)
      Progress: 61000/97552 frames (62.5%)
      Progress: 61500/97552 frames (63.0%)
      Progress: 62000/97552 frames (63.6%)
      Progress: 62500/97552 frames (64.1%)
      Progress: 63000/97552 frames (64.6%)
      Progress: 63500/97552 frames (65.1%)
      Progress: 64000/97552 frames (65.6%)
      Progress: 64500/97552 frames (66.1%)
      Progress: 65000/97552 frames (66.6%)
      Progress: 65500/97552 frames (67.1%)
      Progress: 66000/97552 frames (67.7%)
      Progress: 66500/97552 frames (68.2%)
      Progress: 67000/97552 frames (68.7%)
      Progress: 67500/97552 frames (69.2%)
      Progress: 68000/97552 frames (69.7%)
      Progress: 68500/97552 frames (70.2%)
      Progress: 69000/97552 frames (70.7%)
      Progress: 69500/97552 frames (71.2%)
      Progress: 70000/97552 frames (71.8%)
      Progress: 70500/97552 frames (72.3%)
      Progress: 71000/97552 frames (72.8%)
      Progress: 71500/97552 frames (73.3%)
      Progress: 72000/97552 frames (73.8%)
      Progress: 72500/97552 frames (74.3%)
      Progress: 73000/97552 frames (74.8%)
      Progress: 73500/97552 frames (75.3%)
      Progress: 74000/97552 frames (75.9%)
      Progress: 74500/97552 frames (76.4%)
      Progress: 75000/97552 frames (76.9%)
      Progress: 75500/97552 frames (77.4%)
      Progress: 76000/97552 frames (77.9%)
      Progress: 76500/97552 frames (78.4%)
      Progress: 77000/97552 frames (78.9%)
      Progress: 77500/97552 frames (79.4%)
      Progress: 78000/97552 frames (80.0%)
      Progress: 78500/97552 frames (80.5%)
      Progress: 79000/97552 frames (81.0%)
      Progress: 79500/97552 frames (81.5%)
      Progress: 80000/97552 frames (82.0%)
      Progress: 80500/97552 frames (82.5%)
      Progress: 81000/97552 frames (83.0%)
      Progress: 81500/97552 frames (83.5%)
      Progress: 82000/97552 frames (84.1%)
      Progress: 82500/97552 frames (84.6%)
      Progress: 83000/97552 frames (85.1%)
      Progress: 83500/97552 frames (85.6%)
      Progress: 84000/97552 frames (86.1%)
      Progress: 84500/97552 frames (86.6%)
      Progress: 85000/97552 frames (87.1%)
      Progress: 85500/97552 frames (87.6%)
      Progress: 86000/97552 frames (88.2%)
      Progress: 86500/97552 frames (88.7%)
      Progress: 87000/97552 frames (89.2%)
      Progress: 87500/97552 frames (89.7%)
      Progress: 88000/97552 frames (90.2%)
      Progress: 88500/97552 frames (90.7%)
      Progress: 89000/97552 frames (91.2%)
      Progress: 89500/97552 frames (91.7%)
      Progress: 90000/97552 frames (92.3%)
      Progress: 90500/97552 frames (92.8%)
      Progress: 91000/97552 frames (93.3%)
      Progress: 91500/97552 frames (93.8%)
      Progress: 92000/97552 frames (94.3%)
      Progress: 92500/97552 frames (94.8%)
      Progress: 93000/97552 frames (95.3%)
      Progress: 93500/97552 frames (95.8%)
      Progress: 94000/97552 frames (96.4%)
      Progress: 94500/97552 frames (96.9%)
      Progress: 95000/97552 frames (97.4%)
      Progress: 95500/97552 frames (97.9%)
      Progress: 96000/97552 frames (98.4%)
      Progress: 96500/97552 frames (98.9%)
      Progress: 97000/97552 frames (99.4%)
